// Jest Snapshot v1, https://goo.gl/fbAQLP

exports[`works 1`] = `
"\\"use strict\\";

var _interopRequireDefault = require(\\"@babel/runtime/helpers/interopRequireDefault\\");

require(\\"@material-ui/core/lib/less/date-time\\");

var _DateTime = _interopRequireDefault(require(\\"@material-ui/core/lib/DateTime\\"));"
`;
